{
  "before": {
    "sectionVy": 0,
    "sectionY": 3.4,
    "members": [
      {
        "y": 3.4,
        "vy": 0
      },
      {
        "y": 3.4,
        "vy": 0
      },
      {
        "y": 3.4,
        "vy": 0
      }
    ]
  },
  "after": {
    "sectionVy": -0.23779940431249222,
    "sectionY": 3.376220059568751,
    "members": [
      {
        "y": 3.376220059568751,
        "vy": -0.23779940431249222
      },
      {
        "y": 3.376220059568751,
        "vy": -0.23779940431249222
      },
      {
        "y": 3.376220059568751,
        "vy": -0.23779940431249222
      }
    ]
  },
  "next": {
    "sectionVy": -0.44613273764582556,
    "members": [
      {
        "y": 3.3687845139413204,
        "vy": -0.44613273764582556
      },
      {
        "y": 3.3687845139413204,
        "vy": -0.44613273764582556
      },
      {
        "y": 3.3687845139413204,
        "vy": -0.44613273764582556
      }
    ]
  }
}
