
> demolition-district@1.0.0 test
> node --test tests/*.test.mjs

✔ the court is an actual full-height void and galleries retain occupied depth (1520.055833ms)
✔ floor fracture plates tile their complete load-bearing bay without overlap or lost material (53.68275ms)
✔ a removed vault rib releases its own glazing but leaves remote supported roof intact (53.10875ms)
✔ roof attachment failure, retained ribs and new past actions restore exact independent futures (2523.029458ms)
✔ a charge belongs to the selected roof pane and to settled rubble on a later intervention (5211.170083ms)
✔ street-level roof debris remains chargeable outside its original storey volume (6833.653834ms)
✔ a charge keeps its selected piece and local point when branching an interpolated replay (571.408833ms)
✔ a limited bank wound is local, remains standing, and changes with the hit location (2966.760166ms)
✔ bank support loss can peel one bay while leaving an independently supported bay intact (4257.8455ms)
✔ bank charges, support, fragment motion and impact contacts replay exactly without snapshot aliasing (11912.501042ms)
✔ extensive bank destruction settles into finite persistent architecture and retains a full minute (41473.118292ms)
✔ six normal bank charges can cause substantial failure without an easy-collapse override (9727.074333ms)
✔ ordinary charge strength carries connected architecture through a measurable fall before contact breakup (11779.868ms)
✔ a new charge on moving connected construction splits the current remnant and restores its exact future (6094.408209ms)
✔ compound motion hands a fractured piece to individual motion only on the following step (62.84725ms)
✔ loose masonry transfers impact into a connected falling floor instead of crossing it (14.357667ms)
✔ a connected floor edge collides across a spatial-cell boundary (4.534042ms)
✔ a connected falling floor transfers impact to loose airborne rubble (2.219416ms)
✔ two connected sections exchange impact without crossing (1.886666ms)
✔ the intact hall contains supported furnishings and pre-existing triangular glazing (1138.930042ms)
✔ a window wound releases nearby triangular shards without broadcasting damage into the hall (73.780959ms)
✔ a falling architectural fragment contacts a writing table and releases only its loose articles (804.452667ms)
✔ ball contact uses current solid members and passes through a cleared window (91.594584ms)
✔ paper, furniture, contact ownership and scoring replay exactly and rebuild without duplicates (2341.997125ms)
✔ a fragment passing between table legs cannot impart a contact impulse (62.1815ms)
✔ a ledger that has settled on a table falls when the table moves away (9161.631917ms)
✔ settled masonry falls when its furniture support moves away (7204.844167ms)
✔ the full-size ball can contact a writing table below the intact ceiling (47.168459ms)
✔ retains a full minute after prolonged recording and interpolates every seek (17.129375ms)
✔ branching removes the abandoned disaster without losing earlier replay (0.410583ms)
✔ demolition charge destroys supports and upper floors pancake in sequence (288.226667ms)
✔ restoring mid-blast reproduces every physical and random state exactly, including staged charges and a water burst (323.427584ms)
✔ rewind after more than a minute restores damage, rubble, props and charge inventory (249.800958ms)
✔ slow motion advances exactly the supplied simulation time (3.448375ms)
✔ a falling assembly transfers impact into an adjacent building (92.883542ms)
✔ distance and quality change debris rendering without changing the recorded disaster (118.284625ms)
✔ a damaged curtain-wall pane detaches while its neighboring pane survives, and rewind reconstructs exact geometry (24.316959ms)
✔ the archived rebuild carries a detached tank directly back to its roof (75.655958ms)
✔ rolling history retains at least 60 seconds and interpolates inside that window (40.562875ms)
✔ restoring a captured destruction state reproduces its exact future under identical inputs (115.720875ms)
✔ snapshot ownership is independent of future physics and supports exact restore (53.287875ms)
✔ six-charge limit and all staged detonation state survive rewind (118.715375ms)
✔ a complete collapse retains finite supported positions and persistent settled debris (398.199667ms)
ℹ tests 43
ℹ suites 0
ℹ pass 43
ℹ fail 0
ℹ cancelled 0
ℹ skipped 0
ℹ todo 0
ℹ duration_ms 70742.327458
