✖ a heavy contact damages the struck block without releasing the entire supported receiving bay (10.64625ms)
✖ court piers cannot borrow a distant surviving footing after their actual connecting construction is removed (519.199417ms)
✖ settled pieces need a path to ground and cannot keep each other asleep through a tolerance cycle (3.173917ms)
ℹ tests 3
ℹ suites 0
ℹ pass 0
ℹ fail 3
ℹ cancelled 0
ℹ skipped 0
ℹ todo 0
ℹ duration_ms 1047.076083

✖ failing tests:

test at ../../../../../../private/tmp/pr6-support-baseline.test.mjs:15:1
✖ a heavy contact damages the struck block without releasing the entire supported receiving bay (10.64625ms)
  AssertionError [ERR_ASSERTION]: the real struck member takes damage
      at TestContext.<anonymous> (file:///private/tmp/pr6-support-baseline.test.mjs:20:10)
      at Test.runInAsyncScope (node:async_hooks:226:14)
      at Test.run (node:internal/test_runner/test:1382:25)
      at Test.start (node:internal/test_runner/test:1242:17)
      at startSubtestAfterBootstrap (node:internal/test_runner/harness:387:17) {
    generatedMessage: false,
    code: 'ERR_ASSERTION',
    actual: false,
    expected: true,
    operator: '==',
    diff: 'simple'
  }

test at ../../../../../../private/tmp/pr6-support-baseline.test.mjs:26:1
✖ court piers cannot borrow a distant surviving footing after their actual connecting construction is removed (519.199417ms)
  AssertionError [ERR_ASSERTION]: detached pillar must leave its old carrier immediately

  0 !== 1

      at TestContext.<anonymous> (file:///private/tmp/pr6-support-baseline.test.mjs:36:40)
      at Test.runInAsyncScope (node:async_hooks:226:14)
      at Test.run (node:internal/test_runner/test:1382:25)
      at Test.processPendingSubtests (node:internal/test_runner/test:960:18)
      at Test.postRun (node:internal/test_runner/test:1522:19)
      at Test.run (node:internal/test_runner/test:1447:12)
      at async startSubtestAfterBootstrap (node:internal/test_runner/harness:387:3) {
    generatedMessage: false,
    code: 'ERR_ASSERTION',
    actual: 0,
    expected: 1,
    operator: 'strictEqual',
    diff: 'simple'
  }

test at ../../../../../../private/tmp/pr6-support-baseline.test.mjs:43:1
✖ settled pieces need a path to ground and cannot keep each other asleep through a tolerance cycle (3.173917ms)
  AssertionError [ERR_ASSERTION]: an unsupported cycle falls under gravity
      at TestContext.<anonymous> (file:///private/tmp/pr6-support-baseline.test.mjs:48:37)
      at Test.runInAsyncScope (node:async_hooks:226:14)
      at Test.run (node:internal/test_runner/test:1382:25)
      at Test.processPendingSubtests (node:internal/test_runner/test:960:18)
      at Test.postRun (node:internal/test_runner/test:1522:19)
      at Test.run (node:internal/test_runner/test:1447:12)
      at async Test.processPendingSubtests (node:internal/test_runner/test:960:7) {
    generatedMessage: false,
    code: 'ERR_ASSERTION',
    actual: false,
    expected: true,
    operator: '==',
    diff: 'simple'
  }
