
> demolition-district@1.0.0 test
> node --test tests/*.test.mjs

✔ the court is an actual full-height void and galleries retain occupied depth (3645.314459ms)
✔ floor fracture plates tile their complete load-bearing bay without overlap or lost material (415.754458ms)
✔ a removed vault rib releases its own glazing but leaves remote supported roof intact (328.624541ms)
✔ roof attachment failure, retained ribs and new past actions restore exact independent futures (9713.220125ms)
✔ a charge belongs to the selected roof pane and to settled rubble on a later intervention (28797.699208ms)
✔ street-level roof debris remains chargeable outside its original storey volume (22777.30875ms)
✔ a charge keeps its selected piece and local point when branching an interpolated replay (1566.399208ms)
✔ a limited bank wound is local, remains standing, and changes with the hit location (6610.873666ms)
✔ bank support loss can peel one bay while leaving an independently supported bay intact (12062.991125ms)
✔ bank charges, support, fragment motion and impact contacts replay exactly without snapshot aliasing (15867.853417ms)
✔ extensive bank destruction settles into finite persistent architecture and retains a full minute (114666.360708ms)
✔ six normal bank charges can cause substantial failure without an easy-collapse override (20885.778625ms)
✔ ordinary charge strength carries connected architecture through a measurable fall before contact breakup (30112.404917ms)
✔ a new charge on moving connected construction splits the current remnant and restores its exact future (15088.824084ms)
✔ compound motion hands a fractured piece to individual motion only on the following step (298.284917ms)
✔ loose masonry transfers impact into a connected falling floor instead of crossing it (12.955833ms)
✔ a connected floor edge collides across a spatial-cell boundary (5.766959ms)
✔ a connected falling floor transfers impact to loose airborne rubble (2.864084ms)
✔ two connected sections exchange impact without crossing (1.659584ms)
✔ falling masonry damages the member it strikes without a blast through neighboring air (0.63625ms)
✔ event aggregation cannot mutate an already recorded history frame (2.686084ms)
✔ a dust birth preceding the oldest retained frame still renders and expires by simulation time (2.002083ms)
✔ interpolated history births do not appear before their recorded time (0.142791ms)
✔ discarded future events cannot leak into restored alternate futures or pristine rebuild (0.205666ms)
✔ presentation admission and expiry bound sustained effects without evicting active births (119.204166ms)
✔ retained normal replay reproduces forward audio choices while pause seek and resume suppress backlog (0.965334ms)
✔ slow motion and reverse use explicit crossings and stop on every time-policy transition (1.849541ms)
✔ procedural material choices are deterministic, distinct, finite and bounded with headroom (178.495708ms)
✔ the intact hall contains supported furnishings and pre-existing triangular glazing (3104.780375ms)
✔ a window wound releases nearby triangular shards without broadcasting damage into the hall (382.988958ms)
✔ a falling architectural fragment contacts a writing table and releases only its loose articles (2214.37125ms)
✔ ball contact uses current solid members and passes through a cleared window (267.539708ms)
✔ paper, furniture, contact ownership and scoring replay exactly and rebuild without duplicates (5164.131958ms)
✔ a fragment passing between table legs cannot impart a contact impulse (430.547584ms)
✔ a ledger that has settled on a table falls when the table moves away (21861.959791ms)
✔ settled masonry falls when its furniture support moves away (18767.8225ms)
✔ the full-size ball can contact a writing table below the intact ceiling (216.649584ms)
✔ retains a full minute after prolonged recording and interpolates every seek (77.710667ms)
✔ branching removes the abandoned disaster without losing earlier replay (0.304583ms)
✔ demolition charge destroys supports and upper floors pancake in sequence (276.549125ms)
✔ restoring mid-blast reproduces every physical and random state exactly, including staged charges and a water burst (308.794458ms)
✔ rewind after more than a minute restores damage, rubble, props and charge inventory (492.388125ms)
✔ slow motion advances exactly the supplied simulation time (23.716708ms)
✔ a falling assembly transfers impact into an adjacent building (58.824833ms)
✔ distance and quality change debris rendering without changing the recorded disaster (247.582834ms)
✔ a damaged curtain-wall pane detaches while its neighboring pane survives, and rewind reconstructs exact geometry (28.211125ms)
✔ the archived rebuild carries a detached tank directly back to its roof (108.929041ms)
✔ intact bearings and the hinged vault carry their actual gravity load without a hidden pristine anchor (6999.952875ms)
✔ equal front and side cuts carry upper construction on different support-driven paths, including a perturbed placement (28523.592792ms)
✔ a loaded vault, broken connections and a later cut resume exactly in a fresh simulation without mutating the past (15577.487209ms)
✔ supported construction transfers a contact impulse to a falling section owner without stretching its members (0.891791ms)
✔ a roof-only cut wakes the surviving half-arch through its lost crown connection (979.525959ms)
✔ a heavy contact damages the struck block without releasing the entire supported receiving bay (7.687833ms)
✔ court piers cannot borrow a distant surviving footing after their actual connecting construction is removed (5011.771208ms)
✔ settled pieces need a path to ground and cannot keep each other asleep through a tolerance cycle (4.732541ms)
✔ cached collision geometry follows an in-step carrier correction, release and fresh restoration (0.839125ms)
✔ glass settles on a real narrow seam even when the seam is away from its center (2.503542ms)
✔ the empty center of a window frame cannot hold a settled piece aloft (2.556708ms)
✔ rolling history retains at least 60 seconds and interpolates inside that window (6.808542ms)
✔ restoring a captured destruction state reproduces its exact future under identical inputs (47.576458ms)
✔ snapshot ownership is independent of future physics and supports exact restore (28.056ms)
✔ six-charge limit and all staged detonation state survive rewind (136.109833ms)
✔ a complete collapse retains finite supported positions and persistent settled debris (625.019625ms)
ℹ tests 63
ℹ suites 0
ℹ pass 63
ℹ fail 0
ℹ cancelled 0
ℹ skipped 0
ℹ todo 0
ℹ duration_ms 170431.212333
